0 verbose cli /usr/local/bin/node /usr/local/bin/npm
1 info using npm@12.0.1
2 info using node@v26.5.0
3 silly config load:file:/usr/local/lib/node_modules/npm/npmrc
4 silly config load:file:/home/container/.npmrc
5 silly config load:file:/usr/local/etc/npmrc
6 verbose title npm install
7 verbose argv "install"
8 verbose logfile logs-max:10 dir:/home/container/.npm/_logs/2026-07-25T13_07_43_101Z-
9 verbose logfile /home/container/.npm/_logs/2026-07-25T13_07_43_101Z-debug-0.log
10 silly logfile start cleaning logs, removing 1 files
11 silly logfile done cleaning log files
12 silly packumentCache heap:333971456 maxSize:83492864 maxEntrySize:41746432
13 silly idealTree buildDeps
14 silly reify moves {}
15 silly audit bulk request {
15 silly audit   '@discordjs/builders': [ '1.14.1' ],
15 silly audit   '@discordjs/util': [ '1.2.0', '0.3.1' ],
15 silly audit   'discord-api-types': [ '0.38.49', '0.37.120', '0.38.50' ],
15 silly audit   '@discordjs/collection': [ '1.5.3', '2.1.1' ],
15 silly audit   '@discordjs/formatters': [ '0.6.2' ],
15 silly audit   '@discordjs/rest': [ '1.7.1', '2.6.2' ],
15 silly audit   '@discordjs/ws': [ '1.2.3' ],
15 silly audit   undici: [ '6.27.0', '5.29.0' ],
15 silly audit   '@fastify/busboy': [ '2.1.1' ],
15 silly audit   '@sapphire/async-queue': [ '1.5.5' ],
15 silly audit   '@sapphire/shapeshift': [ '4.0.0' ],
15 silly audit   '@sapphire/snowflake': [ '3.5.5' ],
15 silly audit   '@tokenizer/token': [ '0.3.0' ],
15 silly audit   '@types/node': [ '26.0.0' ],
15 silly audit   '@types/ws': [ '8.18.1' ],
15 silly audit   '@vladfrangu/async_event_emitter': [ '2.4.7' ],
15 silly audit   'abort-controller': [ '3.0.0' ],
15 silly audit   accepts: [ '2.0.0' ],
15 silly audit   'mime-db': [ '1.54.0', '1.52.0' ],
15 silly audit   'mime-types': [ '3.0.2', '2.1.35' ],
15 silly audit   'agent-base': [ '6.0.2' ],
15 silly audit   asynckit: [ '0.4.0' ],
15 silly audit   axios: [ '1.18.0' ],
15 silly audit   'base64-js': [ '1.5.1' ],
15 silly audit   bcryptjs: [ '3.0.3' ],
15 silly audit   'better-sqlite3': [ '12.11.1' ],
15 silly audit   bindings: [ '1.5.0' ],
15 silly audit   bl: [ '4.1.0' ],
15 silly audit   'body-parser': [ '2.3.0' ],
15 silly audit   'content-type': [ '2.0.0', '1.0.5' ],
15 silly audit   buffer: [ '5.7.1', '6.0.3' ],
15 silly audit   bytes: [ '3.1.2' ],
15 silly audit   'call-bind-apply-helpers': [ '1.0.2' ],
15 silly audit   'call-bound': [ '1.0.4' ],
15 silly audit   chownr: [ '1.1.4' ],
15 silly audit   'combined-stream': [ '1.0.8' ],
15 silly audit   'content-disposition': [ '1.1.0' ],
15 silly audit   cookie: [ '0.7.2' ],
15 silly audit   'cookie-signature': [ '1.2.2', '1.0.7' ],
15 silly audit   crypto: [ '1.0.1' ],
15 silly audit   debug: [ '4.4.3', '2.6.9' ],
15 silly audit   'decompress-response': [ '6.0.0' ],
15 silly audit   'deep-extend': [ '0.6.0' ],
15 silly audit   'delayed-stream': [ '1.0.0' ],
15 silly audit   depd: [ '2.0.0' ],
15 silly audit   'detect-libc': [ '2.1.2' ],
15 silly audit   'discord.js': [ '14.27.0' ],
15 silly audit   dotenv: [ '17.4.2' ],
15 silly audit   'dunder-proto': [ '1.0.1' ],
15 silly audit   'ee-first': [ '1.1.1' ],
15 silly audit   encodeurl: [ '2.0.0' ],
15 silly audit   'end-of-stream': [ '1.4.5' ],
15 silly audit   'es-define-property': [ '1.0.1' ],
15 silly audit   'es-errors': [ '1.3.0' ],
15 silly audit   'es-object-atoms': [ '1.1.2' ],
15 silly audit   'es-set-tostringtag': [ '2.1.0' ],
15 silly audit   'escape-html': [ '1.0.3' ],
15 silly audit   etag: [ '1.8.1' ],
15 silly audit   'event-target-shim': [ '5.0.1' ],
15 silly audit   events: [ '3.3.0' ],
15 silly audit   'expand-template': [ '2.0.3' ],
15 silly audit   express: [ '5.2.1' ],
15 silly audit   'express-session': [ '1.19.0' ],
15 silly audit   ms: [ '2.0.0', '2.1.3' ],
15 silly audit   'fast-deep-equal': [ '3.1.3' ],
15 silly audit   'file-type': [ '18.7.0' ],
15 silly audit   'file-uri-to-path': [ '1.0.0' ],
15 silly audit   finalhandler: [ '2.1.1' ],
15 silly audit   'follow-redirects': [ '1.16.0' ],
15 silly audit   'form-data': [ '4.0.6' ],
15 silly audit   forwarded: [ '0.2.0' ],
15 silly audit   fresh: [ '2.0.0' ],
15 silly audit   'fs-constants': [ '1.0.0' ],
15 silly audit   'function-bind': [ '1.1.2' ],
15 silly audit   'get-intrinsic': [ '1.3.0' ],
15 silly audit   'get-proto': [ '1.0.1' ],
15 silly audit   'github-from-package': [ '0.0.0' ],
15 silly audit   gopd: [ '1.2.0' ],
15 silly audit   'has-symbols': [ '1.1.0' ],
15 silly audit   'has-tostringtag': [ '1.0.2' ],
15 silly audit   hasown: [ '2.0.4' ],
15 silly audit   'http-errors': [ '2.0.1' ],
15 silly audit   'https-proxy-agent': [ '5.0.1' ],
15 silly audit   'iconv-lite': [ '0.7.3' ],
15 silly audit   ieee754: [ '1.2.1' ],
15 silly audit   inherits: [ '2.0.4' ],
15 silly audit   ini: [ '1.3.8' ],
15 silly audit   'ipaddr.js': [ '1.9.1' ],
15 silly audit   'is-promise': [ '4.0.0' ],
15 silly audit   'lavalink-client': [ '2.10.2' ],
15 silly audit   lodash: [ '4.18.1' ],
15 silly audit   'lodash.snakecase': [ '4.1.1' ],
15 silly audit   'magic-bytes.js': [ '1.13.0' ],
15 silly audit   'math-intrinsics': [ '1.1.0' ],
15 silly audit   'media-typer': [ '1.1.0' ],
15 silly audit   'merge-descriptors': [ '2.0.0' ],
15 silly audit   'mimic-response': [ '3.1.0' ],
15 silly audit   minimist: [ '1.2.8' ],
15 silly audit   'mkdirp-classic': [ '0.5.3' ],
15 silly audit   'napi-build-utils': [ '2.0.0' ],
15 silly audit   negotiator: [ '1.0.0' ],
15 silly audit   'node-abi': [ '3.92.0' ],
15 silly audit   'object-inspect': [ '1.13.4' ],
15 silly audit   'on-finished': [ '2.4.1' ],
15 silly audit   'on-headers': [ '1.1.0' ],
15 silly audit   once: [ '1.4.0' ],
15 silly audit   parseurl: [ '1.3.3' ],
15 silly audit   'path-to-regexp': [ '8.4.2' ],
15 silly audit   'peek-readable': [ '5.4.2' ],
15 silly audit   'prebuild-install': [ '7.1.3' ],
15 silly audit   process: [ '0.11.10' ],
15 silly audit   'proxy-addr': [ '2.0.7' ],
15 silly audit   'proxy-from-env': [ '2.1.0' ],
15 silly audit   pump: [ '3.0.4' ],
15 silly audit   qs: [ '6.15.3' ],
15 silly audit   'random-bytes': [ '1.0.0' ],
15 silly audit   'range-parser': [ '1.3.0' ],
15 silly audit   'raw-body': [ '3.0.2' ],
15 silly audit   rc: [ '1.2.8' ],
15 silly audit   'readable-stream': [ '3.6.2', '4.7.0' ],
15 silly audit   'readable-web-to-node-stream': [ '3.0.4' ],
15 silly audit   router: [ '2.2.0' ],
15 silly audit   'safe-buffer': [ '5.2.1' ],
15 silly audit   'safer-buffer': [ '2.1.2' ],
15 silly audit   semver: [ '7.8.4' ],
15 silly audit   send: [ '1.2.1' ],
15 silly audit   'serve-static': [ '2.2.1' ],
15 silly audit   setprototypeof: [ '1.2.0' ],
15 silly audit   'side-channel': [ '1.1.1' ],
15 silly audit   'side-channel-list': [ '1.0.1' ],
15 silly audit   'side-channel-map': [ '1.0.1' ],
15 silly audit   'side-channel-weakmap': [ '1.0.2' ],
15 silly audit   'simple-concat': [ '1.0.1' ],
15 silly audit   'simple-get': [ '4.0.1' ],
15 silly audit   statuses: [ '2.0.2' ],
15 silly audit   string_decoder: [ '1.3.0' ],
15 silly audit   'strip-json-comments': [ '2.0.1' ],
15 silly audit   strtok3: [ '7.1.1' ],
15 silly audit   'tar-fs': [ '2.1.4' ],
15 silly audit   'tar-stream': [ '2.2.0' ],
15 silly audit   toidentifier: [ '1.0.1' ],
15 silly audit   'token-types': [ '5.0.1' ],
15 silly audit   'ts-mixer': [ '6.0.4' ],
15 silly audit   tslib: [ '2.8.1' ],
15 silly audit   'tunnel-agent': [ '0.6.0' ],
15 silly audit   'type-is': [ '2.1.0' ],
15 silly audit   'uid-safe': [ '2.1.5' ],
15 silly audit   'undici-types': [ '8.3.0' ],
15 silly audit   unpipe: [ '1.0.0' ],
15 silly audit   'util-deprecate': [ '1.0.2' ],
15 silly audit   vary: [ '1.1.2' ],
15 silly audit   wrappy: [ '1.0.2' ],
15 silly audit   ws: [ '8.21.0' ]
15 silly audit }
16 http fetch POST 200 https://registry.npmjs.org/-/npm/v1/security/advisories/bulk 1068ms
17 silly audit report {
17 silly audit report   undici: [
17 silly audit report     {
17 silly audit report       id: 1112496,
17 silly audit report       url: 'https://github.com/advisories/GHSA-g9mf-h72j-4rw9',
17 silly audit report       title: 'Undici has an unbounded decompression chain in HTTP responses on Node.js Fetch API via Content-Encoding leads to resource exhaustion',
17 silly audit report       severity: 'moderate',
17 silly audit report       vulnerable_versions: '<6.23.0',
17 silly audit report       cwe: [Array],
17 silly audit report       cvss: [Object]
17 silly audit report     },
17 silly audit report     {
17 silly audit report       id: 1114594,
17 silly audit report       url: 'https://github.com/advisories/GHSA-2mjp-6q6p-2qxm',
17 silly audit report       title: 'Undici has an HTTP Request/Response Smuggling issue',
17 silly audit report       severity: 'moderate',
17 silly audit report       vulnerable_versions: '<6.24.0',
17 silly audit report       cwe: [Array],
17 silly audit report       cvss: [Object]
17 silly audit report     },
17 silly audit report     {
17 silly audit report       id: 1114638,
17 silly audit report       url: 'https://github.com/advisories/GHSA-vrm6-8vpv-qv8q',
17 silly audit report       title: 'Undici has Unbounded Memory Consumption in WebSocket permessage-deflate Decompression',
17 silly audit report       severity: 'high',
17 silly audit report       vulnerable_versions: '<6.24.0',
17 silly audit report       cwe: [Array],
17 silly audit report       cvss: [Object]
17 silly audit report     },
17 silly audit report     {
17 silly audit report       id: 1114640,
17 silly audit report       url: 'https://github.com/advisories/GHSA-v9p9-hfj2-hcw8',
17 silly audit report       title: 'Undici has Unhandled Exception in WebSocket Client Due to Invalid server_max_window_bits Validation',
17 silly audit report       severity: 'high',
17 silly audit report       vulnerable_versions: '<6.24.0',
17 silly audit report       cwe: [Array],
17 silly audit report       cvss: [Object]
17 silly audit report     },
17 silly audit report     {
17 silly audit report       id: 1114642,
17 silly audit report       url: 'https://github.com/advisories/GHSA-4992-7rv2-5pvq',
17 silly audit report       title: 'Undici has CRLF Injection in undici via `upgrade` option',
17 silly audit report       severity: 'moderate',
17 silly audit report       vulnerable_versions: '<6.24.0',
17 silly audit report       cwe: [Array],
17 silly audit report       cvss: [Object]
17 silly audit report     },
17 silly audit report     {
17 silly audit report       id: 1121242,
17 silly audit report       url: 'https://github.com/advisories/GHSA-p88m-4jfj-68fv',
17 silly audit report       title: 'undici vulnerable to HTTP header injection via Set-Cookie percent-decoding',
17 silly audit report       severity: 'moderate',
17 silly audit report       vulnerable_versions: '<6.27.0',
17 silly audit report       cwe: [Array],
17 silly audit report       cvss: [Object]
17 silly audit report     },
17 silly audit report     {
17 silly audit report       id: 1121245,
17 silly audit report       url: 'https://github.com/advisories/GHSA-vxpw-j846-p89q',
17 silly audit report       title: 'undici WebSocket client vulnerable to denial of service via fragment count bypass',
17 silly audit report       severity: 'high',
17 silly audit report       vulnerable_versions: '<6.27.0',
17 silly audit report       cwe: [Array],
17 silly audit report       cvss: [Object]
17 silly audit report     },
17 silly audit report     {
17 silly audit report       id: 1121250,
17 silly audit report       url: 'https://github.com/advisories/GHSA-35p6-xmwp-9g52',
17 silly audit report       title: 'undici vulnerable to HTTP response queue poisoning via keep-alive socket reuse',
17 silly audit report       severity: 'low',
17 silly audit report       vulnerable_versions: '<6.27.0',
17 silly audit report       cwe: [Array],
17 silly audit report       cvss: [Object]
17 silly audit report     },
17 silly audit report     {
17 silly audit report       id: 1121255,
17 silly audit report       url: 'https://github.com/advisories/GHSA-g8m3-5g58-fq7m',
17 silly audit report       title: 'undici vulnerable to Set-Cookie SameSite attribute downgrade via permissive substring matching',
17 silly audit report       severity: 'low',
17 silly audit report       vulnerable_versions: '<6.27.0',
17 silly audit report       cwe: [Array],
17 silly audit report       cvss: [Object]
17 silly audit report     }
17 silly audit report   ],
17 silly audit report   'file-type': [
17 silly audit report     {
17 silly audit report       id: 1114301,
17 silly audit report       url: 'https://github.com/advisories/GHSA-5v7r-6r5c-r473',
17 silly audit report       title: 'file-type affected by infinite loop in ASF parser on malformed input with zero-size sub-header',
17 silly audit report       severity: 'moderate',
17 silly audit report       vulnerable_versions: '>=13.0.0 <21.3.1',
17 silly audit report       cwe: [Array],
17 silly audit report       cvss: [Object]
17 silly audit report     }
17 silly audit report   ]
17 silly audit report }
18 silly packumentCache corgi:https://registry.npmjs.org/undici cache-miss
19 silly packumentCache corgi:https://registry.npmjs.org/file-type cache-miss
20 http cache https://registry.npmjs.org/undici 94ms (cache hit)
21 silly packumentCache corgi:https://registry.npmjs.org/undici set size:454080 disposed:false
22 http cache https://registry.npmjs.org/file-type 153ms (cache hit)
23 silly packumentCache corgi:https://registry.npmjs.org/file-type set size:198411 disposed:false
24 silly packumentCache corgi:https://registry.npmjs.org/@discordjs%2frest cache-miss
25 http cache https://registry.npmjs.org/@discordjs%2frest 71ms (cache hit)
26 silly packumentCache corgi:https://registry.npmjs.org/@discordjs%2frest set size:2934334 disposed:false
27 notice run FuriMusic@2.1.0 postinstall
28 notice run node setup-nodelink.js
29 verbose cwd /home/container
30 verbose os Linux 6.12.96+deb13-amd64
31 verbose node v26.5.0
32 verbose npm  v12.0.1
33 verbose exit 0
34 info ok
